entrypoint
typedef struct _Pair (mutable uint32_t * x, mutable uint32_t * y) { 
  uint32_t first
    {:on-success 
{
    *x = first;
    return 1;
}

    };
  uint32_t second
    {:on-success 
{
    *y = second;
    return 1;
}

    };
} Pair, *PPair;

